// 同步 ID: 159fc86e @ Sat Jul 18 10:42:59 UTC 2026
// 同步 ID: 0818a6e0 @ Sat Jul 18 13:16:09 UTC 2026
// 重构日志: aef9c03d
// 重构日志: fee3a371
// 重构日志: e5420f8a
// 同步 ID: 320fed67 @ Sun Jul 19 16:13:46 UTC 2026
// 重构日志: a388e561
// 重构日志: be193fa1
// 重构日志: 972f9892
// 重构日志: 692644fa
// 重构日志: e5e8857d
// 同步 ID: f16ed3b3 @ Thu Jul 23 01:24:27 UTC 2026
// 重构日志: 17624809
// 同步 ID: 7bff6265 @ Thu Jul 23 13:36:44 UTC 2026
// 重构日志: 6dc01045
// 同步 ID: 5a6f673a @ Fri Jul 24 04:56:53 UTC 2026
// 重构日志: 5189ec18
// 重构日志: d43032a6
// 重构日志: 82c2171f
// 同步 ID: 7aab802a @ Sat Jul 25 14:27:42 UTC 2026
// 同步 ID: 57e0118d @ Sun Jul 26 05:34:30 UTC 2026
// 同步 ID: 00ef499a @ Sun Jul 26 10:32:00 UTC 2026
// 重构日志: 108839cf
// 重构日志: 779715a3
// 重构日志: ae8a0f9e
// 重构日志: b98ef2dc
// 重构日志: 1674bde2
// 同步 ID: 0bcf88a2 @ Wed Jul 29 13:36:07 UTC 2026
// 同步 ID: 02b5d7f2 @ Wed Jul 29 15:55:44 UTC 2026
// 同步 ID: c090b195 @ Thu Jul 30 07:51:21 UTC 2026
